warning: this import can be merged...
 --> $DIR/combinable_imports.rs:7:5
  |
7 |     use std::vec::Vec;
  |     ^^^^^^^^^^^^^^^^^^
  |
note: ...with this one
 --> $DIR/combinable_imports.rs:6:5
  |
6 |     use std::fs::File;
  |     ^^^^^^^^^^^^^^^^^^
  = note: `#[warn(marker::combinable_imports)]` on by default

warning: this import can be merged...
 --> $DIR/combinable_imports.rs:9:5
  |
9 |     use std::collections::BTreeMap;
  |     ^^^^^^^^^^^^^^^^^^^^^^^^^^^^^^^
  |
note: ...with this one
 --> $DIR/combinable_imports.rs:6:5
  |
6 |     use std::fs::File;
  |     ^^^^^^^^^^^^^^^^^^

warning: this import can be merged...
  --> $DIR/combinable_imports.rs:15:38
   |
15 |     use std::{collections::BTreeMap, collections::BTreeSet};
   |                                      ^^^^^^^^^^^^^^^^^^^^^
   |
note: ...with this one
  --> $DIR/combinable_imports.rs:15:15
   |
15 |     use std::{collections::BTreeMap, collections::BTreeSet};
   |               ^^^^^^^^^^^^^^^^^^^^^

warning: this import can be merged...
  --> $DIR/combinable_imports.rs:29:5
   |
29 |     use std::vec::Vec;
   |     ^^^^^^^^^^^^^^^^^^
   |
note: ...with this one
  --> $DIR/combinable_imports.rs:28:5
   |
28 |     pub use std::fs::File;
   |     ^^^^^^^^^^^^^^^^^^^^^^

warning: 4 warnings emitted

